[2025-04-25T20:11:29.169Z] ❌ Step: Create User
MongoServerError: E11000 duplicate key error collection: myDatabase.users index: username_1 dup key: { username: "testuser" }
    at InsertOneOperation.execute (C:\Users\su\Desktop\project_test\node_modules\mongodb\lib\operations\insert.js:51:19)
    at process.processTicksAndRejections (node:internal/process/task_queues:105:5)
    at async tryOperation (C:\Users\su\Desktop\project_test\node_modules\mongodb\lib\operations\execute_operation.js:207:20)
    at async executeOperation (C:\Users\su\Desktop\project_test\node_modules\mongodb\lib\operations\execute_operation.js:75:16)
    at async Collection.insertOne (C:\Users\su\Desktop\project_test\node_modules\mongodb\lib\collection.js:157:16)

[2025-04-25T20:14:45.642Z] ❌ Step: Create User
MongoServerError: E11000 duplicate key error collection: myDatabase.users index: username_1 dup key: { username: "testuser" }
    at InsertOneOperation.execute (C:\Users\su\Desktop\project_test\node_modules\mongodb\lib\operations\insert.js:51:19)
    at process.processTicksAndRejections (node:internal/process/task_queues:105:5)
    at async tryOperation (C:\Users\su\Desktop\project_test\node_modules\mongodb\lib\operations\execute_operation.js:207:20)
    at async executeOperation (C:\Users\su\Desktop\project_test\node_modules\mongodb\lib\operations\execute_operation.js:75:16)
    at async Collection.insertOne (C:\Users\su\Desktop\project_test\node_modules\mongodb\lib\collection.js:157:16)

[2025-04-26T03:13:58.297Z] ❌ Step: Create User
MongoServerError: E11000 duplicate key error collection: myDatabase.users index: username_1 dup key: { username: "testuser" }
    at InsertOneOperation.execute (C:\Users\su\Desktop\github projects\TronclassProMax\Project_Root\MainFile\Backend\node_modules\mongodb\lib\operations\insert.js:51:19)
    at process.processTicksAndRejections (node:internal/process/task_queues:105:5)
    at async tryOperation (C:\Users\su\Desktop\github projects\TronclassProMax\Project_Root\MainFile\Backend\node_modules\mongodb\lib\operations\execute_operation.js:207:20)
    at async executeOperation (C:\Users\su\Desktop\github projects\TronclassProMax\Project_Root\MainFile\Backend\node_modules\mongodb\lib\operations\execute_operation.js:75:16)
    at async Collection.insertOne (C:\Users\su\Desktop\github projects\TronclassProMax\Project_Root\MainFile\Backend\node_modules\mongodb\lib\collection.js:157:16)

[2025-04-26T03:18:43.313Z] ❌ Step: Create User
MongoServerError: E11000 duplicate key error collection: myDatabase.users index: username_1 dup key: { username: "testuser" }
    at InsertOneOperation.execute (C:\Users\su\Desktop\github projects\TronclassProMax\Project_Root\MainFile\Backend\node_modules\mongodb\lib\operations\insert.js:51:19)
    at process.processTicksAndRejections (node:internal/process/task_queues:105:5)
    at async tryOperation (C:\Users\su\Desktop\github projects\TronclassProMax\Project_Root\MainFile\Backend\node_modules\mongodb\lib\operations\execute_operation.js:207:20)
    at async executeOperation (C:\Users\su\Desktop\github projects\TronclassProMax\Project_Root\MainFile\Backend\node_modules\mongodb\lib\operations\execute_operation.js:75:16)
    at async Collection.insertOne (C:\Users\su\Desktop\github projects\TronclassProMax\Project_Root\MainFile\Backend\node_modules\mongodb\lib\collection.js:157:16)

